C:\Users\Administrator\Desktop\nexusstore\src\test\java\com\nexusstore\service\UserServiceImpl.java
C:\Users\Administrator\Desktop\nexusstore\src\test\java\com\nexusstore\repository\ProductRepository.java
C:\Users\Administrator\Desktop\nexusstore\src\test\java\com\nexusstore\service\UserService.java
C:\Users\Administrator\Desktop\nexusstore\src\test\java\com\nexusstore\controller\RegistrationController.java
C:\Users\Administrator\Desktop\nexusstore\src\test\java\com\nexusstore\model\Product.java
C:\Users\Administrator\Desktop\nexusstore\src\test\java\com\nexusstore\dto\UserRegistrationDto.java
C:\Users\Administrator\Desktop\nexusstore\src\test\java\com\nexusstore\controller\HomeController.java
C:\Users\Administrator\Desktop\nexusstore\src\test\java\com\nexusstore\dto\ProductDto.java
C:\Users\Administrator\Desktop\nexusstore\src\test\java\com\nexusstore\service\ProductServiceImpl.java
C:\Users\Administrator\Desktop\nexusstore\src\test\java\com\nexusstore\model\User.java
C:\Users\Administrator\Desktop\nexusstore\src\test\java\com\nexusstore\repository\UserRepository.java
C:\Users\Administrator\Desktop\nexusstore\src\test\java\com\nexusstore\NexusstoreApplication.java
C:\Users\Administrator\Desktop\nexusstore\src\test\java\com\nexusstore\service\ProductService.java
C:\Users\Administrator\Desktop\nexusstore\src\test\java\com\nexusstore\controller\ProductController.java
